// 重构日志: 784ca05a
// 同步 ID: 5a422c22 @ Mon Jul 20 11:27:32 UTC 2026
// 重构日志: 5556788d
// 同步 ID: 9051718e @ Tue Jul 21 15:27:01 UTC 2026
// 同步 ID: 00721aa5 @ Tue Jul 21 17:29:21 UTC 2026
// 重构日志: 1a9428a4
// 重构日志: dae55190
// 同步 ID: a0e6b3c8 @ Thu Jul 23 01:42:57 UTC 2026
// 重构日志: a1ade686
// 重构日志: d13cf96b
// 同步 ID: 0a6077b0 @ Fri Jul 24 08:07:15 UTC 2026
// 重构日志: ca07b0bd
// 重构日志: 50f248a0
// 重构日志: 3d02f664
// 重构日志: 25c7ef4e
// 重构日志: 6fef4aa9
// 重构日志: 87f80f7c
// 重构日志: 06132128
// 同步 ID: 8b820714 @ Tue Jul 28 15:36:04 UTC 2026
// 重构日志: eb492ee4
// 同步 ID: 00af0b43 @ Fri Jul 31 08:42:01 UTC 2026
// 重构日志: 72bb2065
// 重构日志: 81dac187
// 同步 ID: 26693728 @ Mon Aug  3 12:49:51 UTC 2026
// 同步 ID: 0dede213 @ Wed Aug  5 01:06:14 UTC 2026
// 同步 ID: 9906de39 @ Wed Aug  5 16:07:24 UTC 2026
// 同步 ID: 0d43d01e @ Thu Aug  6 00:56:06 UTC 2026
// 重构日志: ee5747f8
// 同步 ID: 011b91c7 @ Fri Aug  7 12:15:52 UTC 2026
// 同步 ID: a900c2c7 @ Fri Aug  7 18:23:11 UTC 2026
// 重构日志: 8ab539b8
